{
    "versions": {
        "content": [
            [
                "versions.yml:md5,45a3bc30865740d3535f9e4522e3ad1d"
            ]
        ],
        "meta": {
            "nf-test": "0.9.0",
            "nextflow": "24.04.4"
        },
        "timestamp": "2024-08-29T12:44:34.095813"
    },
    "tsv": {
        "content": [
            [
                "heatmap_overview_Wevid.tsv:md5,1a7d565a37ef4d6054f7ade63fbadc2f"
            ]
        ],
        "meta": {
            "nf-test": "0.9.0",
            "nextflow": "24.04.4"
        },
        "timestamp": "2024-08-29T12:44:34.086444"
    },
    "json": {
        "content": [
            [
                "heatmap_overview_Wevid.json:md5,82f484d02a9e3d0cc3d5bcdcc2965e44"
            ]
        ],
        "meta": {
            "nf-test": "0.9.0",
            "nextflow": "24.04.4"
        },
        "timestamp": "2024-08-29T12:44:34.073434"
    },
    "matlextract - sarscov2 - genome_fasta - stub": {
        "content": [
            {
                "0": [
                    "heatmap_overview_Wevid.json:md5,d41d8cd98f00b204e9800998ecf8427e"
                ],
                "1": [
                    "heatmap_overview_Wevid.pdf:md5,d41d8cd98f00b204e9800998ecf8427e"
                ],
                "2": [
                    "heatmap_overview_Wevid.tsv:md5,d41d8cd98f00b204e9800998ecf8427e"
                ],
                "3": [
                    [
                        
                    ]
                ],
                "4": [
                    "versions.yml:md5,45a3bc30865740d3535f9e4522e3ad1d"
                ],
                "candidate_pdfs": [
                    [
                        
                    ]
                ],
                "json": [
                    "heatmap_overview_Wevid.json:md5,d41d8cd98f00b204e9800998ecf8427e"
                ],
                "summary_pdf": [
                    "heatmap_overview_Wevid.pdf:md5,d41d8cd98f00b204e9800998ecf8427e"
                ],
                "tsv": [
                    "heatmap_overview_Wevid.tsv:md5,d41d8cd98f00b204e9800998ecf8427e"
                ],
                "versions": [
                    "versions.yml:md5,45a3bc30865740d3535f9e4522e3ad1d"
                ]
            }
        ],
        "meta": {
            "nf-test": "0.9.0",
            "nextflow": "24.04.4"
        },
        "timestamp": "2024-08-29T14:03:47.753247"
    }
}